// Jest Snapshot v1, https://goo.gl/fbAQLP

exports[`<Counter /> renders correctly 1`] = `
<section>
  <h3>
    0
  </h3>
  <button
    className="button1"
    onClick={[Function]}
  >
    click for Increment
  </button>
  <button
    className="button2"
    onClick={[Function]}
  >
    click for Decrement
  </button>
</section>
`;
